Archive member included because of file (symbol)

c:/program files (x86)/atmel/atmel toolchain/arm gcc/native/4.8.1437/arm-gnu-toolchain/bin/../lib/gcc/arm-none-eabi/4.8.4/armv6-m\libgcc.a(_thumb1_case_uqi.o)
                              src/ASF/sam0/drivers/sercom/sercom.o (__gnu_thumb1_case_uqi)
c:/program files (x86)/atmel/atmel toolchain/arm gcc/native/4.8.1437/arm-gnu-toolchain/bin/../lib/gcc/arm-none-eabi/4.8.4/armv6-m\libgcc.a(_udivsi3.o)
                              src/ASF/sam0/drivers/system/clock/clock_samd10_d11/clock.o (__aeabi_uidiv)
c:/program files (x86)/atmel/atmel toolchain/arm gcc/native/4.8.1437/arm-gnu-toolchain/bin/../lib/gcc/arm-none-eabi/4.8.4/armv6-m\libgcc.a(_dvmd_tls.o)
                              c:/program files (x86)/atmel/atmel toolchain/arm gcc/native/4.8.1437/arm-gnu-toolchain/bin/../lib/gcc/arm-none-eabi/4.8.4/armv6-m\libgcc.a(_udivsi3.o) (__aeabi_idiv0)
c:/program files (x86)/atmel/atmel toolchain/arm gcc/native/4.8.1437/arm-gnu-toolchain/bin/../lib/gcc/arm-none-eabi/4.8.4/armv6-m\libgcc.a(_ashldi3.o)
                              src/ASF/sam0/drivers/sercom/sercom.o (__aeabi_llsl)
c:/program files (x86)/atmel/atmel toolchain/arm gcc/native/4.8.1437/arm-gnu-toolchain/bin/../lib/gcc/arm-none-eabi/4.8.4/armv6-m\libgcc.a(_muldi3.o)
                              src/ASF/sam0/drivers/sercom/sercom.o (__aeabi_lmul)
c:/program files (x86)/atmel/atmel toolchain/arm gcc/native/4.8.1437/arm-gnu-toolchain/bin/../lib/gcc/arm-none-eabi/4.8.4/../../../../arm-none-eabi/lib/armv6-m\libc.a(lib_a-exit.o)
                              c:/program files (x86)/atmel/atmel toolchain/arm gcc/native/4.8.1437/arm-gnu-toolchain/bin/../lib/gcc/arm-none-eabi/4.8.4/../../../../arm-none-eabi/lib/armv6-m/crt0.o (exit)
c:/program files (x86)/atmel/atmel toolchain/arm gcc/native/4.8.1437/arm-gnu-toolchain/bin/../lib/gcc/arm-none-eabi/4.8.4/../../../../arm-none-eabi/lib/armv6-m\libc.a(lib_a-impure.o)
                              c:/program files (x86)/atmel/atmel toolchain/arm gcc/native/4.8.1437/arm-gnu-toolchain/bin/../lib/gcc/arm-none-eabi/4.8.4/../../../../arm-none-eabi/lib/armv6-m\libc.a(lib_a-exit.o) (_global_impure_ptr)
c:/program files (x86)/atmel/atmel toolchain/arm gcc/native/4.8.1437/arm-gnu-toolchain/bin/../lib/gcc/arm-none-eabi/4.8.4/../../../../arm-none-eabi/lib/armv6-m\libc.a(lib_a-init.o)
                              c:/program files (x86)/atmel/atmel toolchain/arm gcc/native/4.8.1437/arm-gnu-toolchain/bin/../lib/gcc/arm-none-eabi/4.8.4/../../../../arm-none-eabi/lib/armv6-m/crt0.o (__libc_init_array)
c:/program files (x86)/atmel/atmel toolchain/arm gcc/native/4.8.1437/arm-gnu-toolchain/bin/../lib/gcc/arm-none-eabi/4.8.4/../../../../arm-none-eabi/lib/armv6-m\libc.a(lib_a-memcpy-stub.o)
                              src/ASF/sam0/drivers/sercom/sercom_interrupt.o (memcpy)
c:/program files (x86)/atmel/atmel toolchain/arm gcc/native/4.8.1437/arm-gnu-toolchain/bin/../lib/gcc/arm-none-eabi/4.8.4/../../../../arm-none-eabi/lib/armv6-m\libc.a(lib_a-memset.o)
                              c:/program files (x86)/atmel/atmel toolchain/arm gcc/native/4.8.1437/arm-gnu-toolchain/bin/../lib/gcc/arm-none-eabi/4.8.4/../../../../arm-none-eabi/lib/armv6-m/crt0.o (memset)
c:/program files (x86)/atmel/atmel toolchain/arm gcc/native/4.8.1437/arm-gnu-toolchain/bin/../lib/gcc/arm-none-eabi/4.8.4/../../../../arm-none-eabi/lib/armv6-m\libc.a(lib_a-printf.o)
                              src/ASF/sam0/utils/syscalls/gcc/syscalls.o (printf)
c:/program files (x86)/atmel/atmel toolchain/arm gcc/native/4.8.1437/arm-gnu-toolchain/bin/../lib/gcc/arm-none-eabi/4.8.4/../../../../arm-none-eabi/lib/armv6-m\libc.a(lib_a-vfprintf.o)
                              c:/program files (x86)/atmel/atmel toolchain/arm gcc/native/4.8.1437/arm-gnu-toolchain/bin/../lib/gcc/arm-none-eabi/4.8.4/../../../../arm-none-eabi/lib/armv6-m\libc.a(lib_a-printf.o) (_vfprintf_r)
c:/program files (x86)/atmel/atmel toolchain/arm gcc/native/4.8.1437/arm-gnu-toolchain/bin/../lib/gcc/arm-none-eabi/4.8.4/../../../../arm-none-eabi/lib/armv6-m\libc.a(lib_a-wsetup.o)
                              c:/program files (x86)/atmel/atmel toolchain/arm gcc/native/4.8.1437/arm-gnu-toolchain/bin/../lib/gcc/arm-none-eabi/4.8.4/../../../../arm-none-eabi/lib/armv6-m\libc.a(lib_a-vfprintf.o) (__swsetup_r)
c:/program files (x86)/atmel/atmel toolchain/arm gcc/native/4.8.1437/arm-gnu-toolchain/bin/../lib/gcc/arm-none-eabi/4.8.4/../../../../arm-none-eabi/lib/armv6-m\libc.a(lib_a-__call_atexit.o)
                              c:/program files (x86)/atmel/atmel toolchain/arm gcc/native/4.8.1437/arm-gnu-toolchain/bin/../lib/gcc/arm-none-eabi/4.8.4/../../../../arm-none-eabi/lib/armv6-m\libc.a(lib_a-exit.o) (__call_exitprocs)
c:/program files (x86)/atmel/atmel toolchain/arm gcc/native/4.8.1437/arm-gnu-toolchain/bin/../lib/gcc/arm-none-eabi/4.8.4/../../../../arm-none-eabi/lib/armv6-m\libc.a(lib_a-atexit.o)
[...]
Memory Configuration

Name             Origin             Length             Attributes
rom              0x00000000         0x00004000         xr
ram              0x20000000         0x00001000         xrw
*default*        0x00000000         0xffffffff

Linker script and memory map

LOAD c:/program files (x86)/atmel/atmel toolchain/arm gcc/native/4.8.1437/arm-gnu-toolchain/bin/../lib/gcc/arm-none-eabi/4.8.4/armv6-m/crti.o
LOAD c:/program files (x86)/atmel/atmel toolchain/arm gcc/native/4.8.1437/arm-gnu-toolchain/bin/../lib/gcc/arm-none-eabi/4.8.4/armv6-m/crtbegin.o
LOAD c:/program files (x86)/atmel/atmel toolchain/arm gcc/native/4.8.1437/arm-gnu-toolchain/bin/../lib/gcc/arm-none-eabi/4.8.4/../../../../arm-none-eabi/lib/armv6-m/crt0.o
LOAD src/ASF/sam0/drivers/sercom/sercom.o
LOAD src/ASF/sam0/drivers/sercom/sercom_interrupt.o
LOAD src/ASF/sam0/drivers/sercom/spi/spi.o
LOAD src/ASF/sam0/drivers/sercom/spi/spi_interrupt.o
LOAD src/ASF/sam0/drivers/sercom/usart/usart.o
LOAD src/ASF/sam0/drivers/sercom/usart/usart_interrupt.o
LOAD src/peripherals/SERCOM/bastian_sercom.o
LOAD src/ASF/sam0/drivers/tcc/tcc.o
LOAD src/ASF/sam0/drivers/tcc/tcc_callback.o
LOAD src/main.o
LOAD src/ASF/sam0/drivers/port/port.o
LOAD src/ASF/sam0/utils/cmsis/samd10/source/gcc/startup_samd10.o
LOAD src/ASF/sam0/utils/cmsis/samd10/source/system_samd10.o
LOAD src/ASF/sam0/utils/syscalls/gcc/syscalls.o
LOAD src/ASF/common/utils/interrupt/interrupt_sam_nvic.o
LOAD src/ASF/sam0/drivers/system/clock/clock_samd10_d11/clock.o
LOAD src/ASF/sam0/drivers/system/clock/clock_samd10_d11/gclk.o
LOAD src/ASF/sam0/drivers/system/interrupt/system_interrupt.o
LOAD src/ASF/sam0/drivers/system/pinmux/pinmux.o
LOAD src/ASF/sam0/drivers/system/system.o
START GROUP
LOAD ../src/ASF/thirdparty/CMSIS/Lib/GCC\libarm_cortexM0l_math.a
LOAD c:/program files (x86)/atmel/atmel toolchain/arm gcc/native/4.8.1437/arm-gnu-toolchain/bin/../lib/gcc/arm-none-eabi/4.8.4/../../../../arm-none-eabi/lib/armv6-m\libm.a
END GROUP
START GROUP
LOAD c:/program files (x86)/atmel/atmel toolchain/arm gcc/native/4.8.1437/arm-gnu-toolchain/bin/../lib/gcc/arm-none-eabi/4.8.4/armv6-m\libgcc.a
LOAD c:/program files (x86)/atmel/atmel toolchain/arm gcc/native/4.8.1437/arm-gnu-toolchain/bin/../lib/gcc/arm-none-eabi/4.8.4/../../../../arm-none-eabi/lib/armv6-m\libc.a
END GROUP
LOAD c:/program files (x86)/atmel/atmel toolchain/arm gcc/native/4.8.1437/arm-gnu-toolchain/bin/../lib/gcc/arm-none-eabi/4.8.4/armv6-m/crtend.o
LOAD c:/program files (x86)/atmel/atmel toolchain/arm gcc/native/4.8.1437/arm-gnu-toolchain/bin/../lib/gcc/arm-none-eabi/4.8.4/armv6-m/crtn.o
                0x00000400                STACK_SIZE = DEFINED (STACK_SIZE)?STACK_SIZE:DEFINED (__stack_size__)?__stack_size__:0x400

.text           0x00000000     0x1f3c
                0x00000000                . = ALIGN (0x4)
                0x00000000                _sfixed = .
 *(.vectors .vectors.*)
 .vectors       0x00000000       0x8c src/ASF/sam0/utils/cmsis/samd10/source/gcc/startup_samd10.o
                0x00000000                exception_table
 *(.text .text.* .gnu.linkonce.t.*)
 .text          0x0000008c       0x60 c:/program files (x86)/atmel/atmel toolchain/arm gcc/native/4.8.1437/arm-gnu-toolchain/bin/../lib/gcc/arm-none-eabi/4.8.4/armv6-m/crtbegin.o
 .text._sercom_get_sync_baud_val
                0x000000ec       0x28 src/ASF/sam0/drivers/sercom/sercom.o
                0x000000ec                _sercom_get_sync_baud_val
 *fill*         0x00000114        0x4 
 .text._sercom_get_async_baud_val
                0x00000118      0x160 src/ASF/sam0/drivers/sercom/sercom.o
                0x00000118                _sercom_get_async_baud_val
 .text.sercom_set_gclk_generator
                0x00000278       0x48 src/ASF/sam0/drivers/sercom/sercom.o
                0x00000278                sercom_set_gclk_generator
 .text._sercom_get_default_pad
                0x000002c0       0xb4 src/ASF/sam0/drivers/sercom/sercom.o
                0x000002c0                _sercom_get_default_pad
 .text._sercom_default_handler
                0x00000374        0x2 src/ASF/sam0/drivers/sercom/sercom_interrupt.o
 *fill*         0x00000376        0x2 
 .text._sercom_get_sercom_inst_index
                0x00000378       0x38 src/ASF/sam0/drivers/sercom/sercom_interrupt.o
                0x00000378                _sercom_get_sercom_inst_index
 .text._sercom_set_handler
                0x000003b0       0x34 src/ASF/sam0/drivers/sercom/sercom_interrupt.o
                0x000003b0                _sercom_set_handler
 .text._sercom_get_interrupt_vector
                0x000003e4       0x28 src/ASF/sam0/drivers/sercom/sercom_interrupt.o
                0x000003e4                _sercom_get_interrupt_vector
 .text.SERCOM0_Handler
                0x0000040c       0x10 src/ASF/sam0/drivers/sercom/sercom_interrupt.o
                0x0000040c                SERCOM0_Handler
 .text.SERCOM1_Handler
                0x0000041c       0x10 src/ASF/sam0/drivers/sercom/sercom_interrupt.o
                0x0000041c                SERCOM1_Handler
 .text.SERCOM2_Handler
                0x0000042c       0x10 src/ASF/sam0/drivers/sercom/sercom_interrupt.o
                0x0000042c                SERCOM2_Handler
 .text.spi_init
                0x0000043c      0x1b0 src/ASF/sam0/drivers/sercom/spi/spi.o
                0x0000043c                spi_init
 .text.spi_register_callback
                0x000005ec       0x18 src/ASF/sam0/drivers/sercom/spi/spi_interrupt.o
                0x000005ec                spi_register_callback
 .text._spi_interrupt_handler
                0x00000604      0x1a8 src/ASF/sam0/drivers/sercom/spi/spi_interrupt.o
                0x00000604                _spi_interrupt_handler
 .text._usart_wait_for_sync
                0x000007ac        0xa src/ASF/sam0/drivers/sercom/usart/usart.o
 *fill*         0x000007b6        0x2 
 .text.usart_init
                0x000007b8      0x2cc src/ASF/sam0/drivers/sercom/usart/usart.o
                0x000007b8                usart_init
 .text.usart_register_callback
                0x00000a84       0x18 src/ASF/sam0/drivers/sercom/usart/usart_interrupt.o
                0x00000a84                usart_register_callback
 .text._usart_interrupt_handler
                0x00000a9c      0x164 src/ASF/sam0/drivers/sercom/usart/usart_interrupt.o
                0x00000a9c                _usart_interrupt_handler
 .text.spi_slave_callback_received
                0x00000c00        0x2 src/peripherals/SERCOM/bastian_sercom.o
 .text.spi_slave_callback_transmitted
                0x00000c02        0x2 src/peripherals/SERCOM/bastian_sercom.o
 .text.spi_slave_callback_transceived
                0x00000c04        0x2 src/peripherals/SERCOM/bastian_sercom.o
 .text.irda_master_callback_received
                0x00000c06        0x2 src/peripherals/SERCOM/bastian_sercom.o
 .text.irda_master_callback_transmitted
                0x00000c08        0x2 src/peripherals/SERCOM/bastian_sercom.o
 *fill*         0x00000c0a        0x2 
 .text.bastian_SPI_configuration
                0x00000c0c       0xe8 src/peripherals/SERCOM/bastian_sercom.o
                0x00000c0c                bastian_SPI_configuration
 .text.bastian_IrDA_configuration
                0x00000cf4       0xe0 src/peripherals/SERCOM/bastian_sercom.o
                0x00000cf4                bastian_IrDA_configuration
 .text.bastian_complete_sercom_setup
                0x00000dd4       0x14 src/peripherals/SERCOM/bastian_sercom.o
                0x00000dd4                bastian_complete_sercom_setup
 .text._tcc_get_inst_index
                0x00000de8        0x4 src/ASF/sam0/drivers/tcc/tcc.o
                0x00000de8                _tcc_get_inst_index
 .text.tcc_get_config_defaults
                0x00000dec       0xe4 src/ASF/sam0/drivers/tcc/tcc.o
                0x00000dec                tcc_get_config_defaults
 .text.tcc_init
                0x00000ed0      0x2c0 src/ASF/sam0/drivers/tcc/tcc.o
                0x00000ed0                tcc_init
 .text.tcc_register_callback
                0x00001190       0x18 src/ASF/sam0/drivers/tcc/tcc_callback.o
                0x00001190                tcc_register_callback
 .text.tcc_enable_callback
                0x000011a8       0x34 src/ASF/sam0/drivers/tcc/tcc_callback.o
                0x000011a8                tcc_enable_callback
 .text._tcc_interrupt_handler
                0x000011dc       0x3c src/ASF/sam0/drivers/tcc/tcc_callback.o
                0x000011dc                _tcc_interrupt_handler
 .text.TCC0_Handler
                0x00001218       0x10 src/ASF/sam0/drivers/tcc/tcc_callback.o
                0x00001218                TCC0_Handler
 .text.tcc_callback_function
                0x00001228       0x10 src/main.o
 .text.board_led_setup
                0x00001238       0x30 src/main.o
                0x00001238                board_led_setup
 .text.startup.main
                0x00001268       0xac src/main.o
                0x00001268                main
 .text.port_pin_set_config
                0x00001314       0x20 src/ASF/sam0/drivers/port/port.o
                0x00001314                port_pin_set_config
 .text.Dummy_Handler
                0x00001334        0x2 src/ASF/sam0/utils/cmsis/samd10/source/gcc/startup_samd10.o
                0x00001334                DMAC_Handler
                0x00001334                HardFault_Handler
                0x00001334                TC2_Handler
                0x00001334                AC_Handler
                0x00001334                SysTick_Handler
                0x00001334                PendSV_Handler
                0x00001334                NMI_Handler
                0x00001334                ADC_Handler
                0x00001334                RTC_Handler
                0x00001334                EIC_Handler
                0x00001334                WDT_Handler
                0x00001334                TC1_Handler
                0x00001334                USB_Handler
                0x00001334                Dummy_Handler
                0x00001334                PM_Handler
                0x00001334                SVC_Handler
                0x00001334                EVSYS_Handler
                0x00001334                NVMCTRL_Handler
                0x00001334                DAC_Handler
                0x00001334                PTC_Handler
                0x00001334                SYSCTRL_Handler
 *fill*         0x00001336        0x2 
 .text.Reset_Handler
                0x00001338       0x6c src/ASF/sam0/utils/cmsis/samd10/source/gcc/startup_samd10.o
                0x00001338                Reset_Handler
 .text.cpu_irq_enter_critical
                0x000013a4       0x30 src/ASF/common/utils/interrupt/interrupt_sam_nvic.o
                0x000013a4                cpu_irq_enter_critical
 .text.cpu_irq_leave_critical
                0x000013d4       0x2c src/ASF/common/utils/interrupt/interrupt_sam_nvic.o
                0x000013d4                cpu_irq_leave_critical
 .text.system_clock_source_get_hz
                0x00001400       0x8c src/ASF/sam0/drivers/system/clock/clock_samd10_d11/clock.o
                0x00001400                system_clock_source_get_hz
 .text.system_clock_source_osc8m_set_config
                0x0000148c       0x40 src/ASF/sam0/drivers/system/clock/clock_samd10_d11/clock.o
                0x0000148c                system_clock_source_osc8m_set_config
 .text.system_clock_source_xosc32k_set_config
                0x000014cc       0xa0 src/ASF/sam0/drivers/system/clock/clock_samd10_d11/clock.o
                0x000014cc                system_clock_source_xosc32k_set_config
 .text.system_clock_source_dpll_set_config
                0x0000156c       0xa0 src/ASF/sam0/drivers/system/clock/clock_samd10_d11/clock.o
                0x0000156c                system_clock_source_dpll_set_config
 .text.system_clock_source_enable
                0x0000160c       0x94 src/ASF/sam0/drivers/system/clock/clock_samd10_d11/clock.o
                0x0000160c                system_clock_source_enable
 .text.system_clock_source_is_ready
                0x000016a0       0x54 src/ASF/sam0/drivers/system/clock/clock_samd10_d11/clock.o
                0x000016a0                system_clock_source_is_ready
 .text.system_clock_init
                0x000016f4      0x124 src/ASF/sam0/drivers/system/clock/clock_samd10_d11/clock.o
                0x000016f4                system_clock_init
 .text.system_gclk_is_syncing
                0x00001818        0xc src/ASF/sam0/drivers/system/clock/clock_samd10_d11/gclk.o
 .text.system_gclk_init
                0x00001824       0x20 src/ASF/sam0/drivers/system/clock/clock_samd10_d11/gclk.o
                0x00001824                system_gclk_init
 .text.system_gclk_gen_set_config
                0x00001844       0xa4 src/ASF/sam0/drivers/system/clock/clock_samd10_d11/gclk.o
                0x00001844                system_gclk_gen_set_config
 .text.system_gclk_gen_enable
                0x000018e8       0x40 src/ASF/sam0/drivers/system/clock/clock_samd10_d11/gclk.o
                0x000018e8                system_gclk_gen_enable
 .text.system_gclk_gen_get_hz
                0x00001928       0x88 src/ASF/sam0/drivers/system/clock/clock_samd10_d11/gclk.o
                0x00001928                system_gclk_gen_get_hz
 .text.system_gclk_chan_enable
                0x000019b0       0x30 src/ASF/sam0/drivers/system/clock/clock_samd10_d11/gclk.o
                0x000019b0                system_gclk_chan_enable
 .text.system_gclk_chan_disable
                0x000019e0       0x58 src/ASF/sam0/drivers/system/clock/clock_samd10_d11/gclk.o
                0x000019e0                system_gclk_chan_disable
 .text.system_gclk_chan_set_config
                0x00001a38       0x1c src/ASF/sam0/drivers/system/clock/clock_samd10_d11/gclk.o
                0x00001a38                system_gclk_chan_set_config
 .text.system_gclk_chan_get_hz
                0x00001a54       0x34 src/ASF/sam0/drivers/system/clock/clock_samd10_d11/gclk.o
                0x00001a54                system_gclk_chan_get_hz
 .text._system_pinmux_config
                0x00001a88       0x80 src/ASF/sam0/drivers/system/pinmux/pinmux.o
 .text.system_pinmux_pin_set_config
                0x00001b08       0x2c src/ASF/sam0/drivers/system/pinmux/pinmux.o
                0x00001b08                system_pinmux_pin_set_config
 .text.system_init
                0x00001b34        0xc src/ASF/sam0/drivers/system/system.o
                0x00001b34                system_init
 .text          0x00001b40       0x14 c:/program files (x86)/atmel/atmel toolchain/arm gcc/native/4.8.1437/arm-gnu-toolchain/bin/../lib/gcc/arm-none-eabi/4.8.4/armv6-m\libgcc.a(_thumb1_case_uqi.o)
                0x00001b40                __gnu_thumb1_case_uqi
 .text          0x00001b54       0x9c c:/program files (x86)/atmel/atmel toolchain/arm gcc/native/4.8.1437/arm-gnu-toolchain/bin/../lib/gcc/arm-none-eabi/4.8.4/armv6-m\libgcc.a(_udivsi3.o)
                0x00001b54                __aeabi_uidiv
                0x00001b54                __udivsi3
                0x00001bdc                __aeabi_uidivmod
 .text          0x00001bf0        0x4 c:/program files (x86)/atmel/atmel toolchain/arm gcc/native/4.8.1437/arm-gnu-toolchain/bin/../lib/gcc/arm-none-eabi/4.8.4/armv6-m\libgcc.a(_dvmd_tls.o)
                0x00001bf0                __aeabi_idiv0
                0x00001bf0                __aeabi_ldiv0
 .text          0x00001bf4       0x18 c:/program files (x86)/atmel/atmel toolchain/arm gcc/native/4.8.1437/arm-gnu-toolchain/bin/../lib/gcc/arm-none-eabi/4.8.4/armv6-m\libgcc.a(_ashldi3.o)
                0x00001bf4                __aeabi_llsl
                0x00001bf4                __ashldi3
 .text          0x00001c0c       0x44 c:/program files (x86)/atmel/atmel toolchain/arm gcc/native/4.8.1437/arm-gnu-toolchain/bin/../lib/gcc/arm-none-eabi/4.8.4/armv6-m\libgcc.a(_muldi3.o)
                0x00001c0c                __muldi3
                0x00001c0c                __aeabi_lmul
 .text.__libc_init_array
                0x00001c50       0x48 c:/program files (x86)/atmel/atmel toolchain/arm gcc/native/4.8.1437/arm-gnu-toolchain/bin/../lib/gcc/arm-none-eabi/4.8.4/../../../../arm-none-eabi/lib/armv6-m\libc.a(lib_a-init.o)
                0x00001c50                __libc_init_array
 .text.memcpy   0x00001c98       0x84 c:/program files (x86)/atmel/atmel toolchain/arm gcc/native/4.8.1437/arm-gnu-toolchain/bin/../lib/gcc/arm-none-eabi/4.8.4/../../../../arm-none-eabi/lib/armv6-m\libc.a(lib_a-memcpy-stub.o)
                0x00001c98                memcpy
 .text.memset   0x00001d1c       0x9c c:/program files (x86)/atmel/atmel toolchain/arm gcc/native/4.8.1437/arm-gnu-toolchain/bin/../lib/gcc/arm-none-eabi/4.8.4/../../../../arm-none-eabi/lib/armv6-m\libc.a(lib_a-memset.o)
                0x00001d1c                memset
 .text.startup.register_fini
                0x00001db8       0x18 c:/program files (x86)/atmel/atmel toolchain/arm gcc/native/4.8.1437/arm-gnu-toolchain/bin/../lib/gcc/arm-none-eabi/4.8.4/../../../../arm-none-eabi/lib/armv6-m\libc.a(lib_a-__call_atexit.o)
 .text.atexit   0x00001dd0       0x10 c:/program files (x86)/atmel/atmel toolchain/arm gcc/native/4.8.1437/arm-gnu-toolchain/bin/../lib/gcc/arm-none-eabi/4.8.4/../../../../arm-none-eabi/lib/armv6-m\libc.a(lib_a-atexit.o)
                0x00001dd0                atexit
 .text.__libc_fini_array
                0x00001de0       0x30 c:/program files (x86)/atmel/atmel toolchain/arm gcc/native/4.8.1437/arm-gnu-toolchain/bin/../lib/gcc/arm-none-eabi/4.8.4/../../../../arm-none-eabi/lib/armv6-m\libc.a(lib_a-fini.o)
                0x00001de0                __libc_fini_array
 .text.__register_exitproc
                0x00001e10       0xc0 c:/program files (x86)/atmel/atmel toolchain/arm gcc/native/4.8.1437/arm-gnu-toolchain/bin/../lib/gcc/arm-none-eabi/4.8.4/../../../../arm-none-eabi/lib/armv6-m\libc.a(lib_a-__atexit.o)
                0x00001e10                __register_exitproc
 *(.glue_7t)
 .glue_7t       0x00000000        0x0 linker stubs
 *(.glue_7)
 .glue_7        0x00000000        0x0 linker stubs
 *(.rodata .rodata* .gnu.linkonce.r.*)
 .rodata        0x00001ed0       0x10 src/ASF/sam0/drivers/sercom/sercom_interrupt.o
 .rodata        0x00001ee0       0x30 src/ASF/sam0/drivers/tcc/tcc_callback.o
                0x00001ee0                _tcc_intflag
 .rodata.str1.4
                0x00001f10        0x4 c:/program files (x86)/atmel/atmel toolchain/arm gcc/native/4.8.1437/arm-gnu-toolchain/bin/../lib/gcc/arm-none-eabi/4.8.4/../../../../arm-none-eabi/lib/armv6-m\libc.a(lib_a-impure.o)
 .rodata._global_impure_ptr
                0x00001f14        0x4 c:/program files (x86)/atmel/atmel toolchain/arm gcc/native/4.8.1437/arm-gnu-toolchain/bin/../lib/gcc/arm-none-eabi/4.8.4/../../../../arm-none-eabi/lib/armv6-m\libc.a(lib_a-impure.o)
                0x00001f14                _global_impure_ptr
 *(.ARM.extab* .gnu.linkonce.armextab.*)
                0x00001f18                . = ALIGN (0x4)
 *(.init)
 .init          0x00001f18        0x4 c:/program files (x86)/atmel/atmel toolchain/arm gcc/native/4.8.1437/arm-gnu-toolchain/bin/../lib/gcc/arm-none-eabi/4.8.4/armv6-m/crti.o
                0x00001f18                _init
 .init          0x00001f1c        0x8 c:/program files (x86)/atmel/atmel toolchain/arm gcc/native/4.8.1437/arm-gnu-toolchain/bin/../lib/gcc/arm-none-eabi/4.8.4/armv6-m/crtn.o
                0x00001f24                . = ALIGN (0x4)
                0x00001f24                __preinit_array_start = .
 *(.preinit_array)
                0x00001f24                __preinit_array_end = .
                0x00001f24                . = ALIGN (0x4)
                0x00001f24                __init_array_start = .
 *(SORT(.init_array.*))
 .init_array.00000
                0x00001f24        0x4 c:/program files (x86)/atmel/atmel toolchain/arm gcc/native/4.8.1437/arm-gnu-toolchain/bin/../lib/gcc/arm-none-eabi/4.8.4/../../../../arm-none-eabi/lib/armv6-m\libc.a(lib_a-__call_atexit.o)
 *(.init_array)
 .init_array    0x00001f28        0x4 c:/program files (x86)/atmel/atmel toolchain/arm gcc/native/4.8.1437/arm-gnu-toolchain/bin/../lib/gcc/arm-none-eabi/4.8.4/armv6-m/crtbegin.o
                0x00001f2c                __init_array_end = .
                0x00001f2c                . = ALIGN (0x4)
 *crtbegin.o(.ctors)
 *(EXCLUDE_FILE(*crtend.o) .ctors)
 *(SORT(.ctors.*))
 *crtend.o(.ctors)
                0x00001f2c                . = ALIGN (0x4)
 *(.fini)
 .fini          0x00001f2c        0x4 c:/program files (x86)/atmel/atmel toolchain/arm gcc/native/4.8.1437/arm-gnu-toolchain/bin/../lib/gcc/arm-none-eabi/4.8.4/armv6-m/crti.o
                0x00001f2c                _fini
 .fini          0x00001f30        0x8 c:/program files (x86)/atmel/atmel toolchain/arm gcc/native/4.8.1437/arm-gnu-toolchain/bin/../lib/gcc/arm-none-eabi/4.8.4/armv6-m/crtn.o
                0x00001f38                . = ALIGN (0x4)
                0x00001f38                __fini_array_start = .
 *(.fini_array)
 .fini_array    0x00001f38        0x4 c:/program files (x86)/atmel/atmel toolchain/arm gcc/native/4.8.1437/arm-gnu-toolchain/bin/../lib/gcc/arm-none-eabi/4.8.4/armv6-m/crtbegin.o
 *(SORT(.fini_array.*))
                0x00001f3c                __fini_array_end = .
 *crtbegin.o(.dtors)
 *(EXCLUDE_FILE(*crtend.o) .dtors)
 *(SORT(.dtors.*))
 *crtend.o(.dtors)
                0x00001f3c                . = ALIGN (0x4)
                0x00001f3c                _efixed = .
                0x00001f3c                PROVIDE (__exidx_start, .)

.vfp11_veneer   0x00001f3c        0x0
 .vfp11_veneer  0x00000000        0x0 linker stubs

.v4_bx          0x00001f3c        0x0
 .v4_bx         0x00000000        0x0 linker stubs

.iplt           0x00001f3c        0x0
 .iplt          0x00000000        0x0 c:/program files (x86)/atmel/atmel toolchain/arm gcc/native/4.8.1437/arm-gnu-toolchain/bin/../lib/gcc/arm-none-eabi/4.8.4/armv6-m/crtbegin.o

.eh_frame       0x00001f3c        0x0
 .eh_frame      0x00001f3c        0x0 c:/program files (x86)/atmel/atmel toolchain/arm gcc/native/4.8.1437/arm-gnu-toolchain/bin/../lib/gcc/arm-none-eabi/4.8.4/armv6-m/crtbegin.o

.rel.dyn        0x00001f3c        0x0
 .rel.iplt      0x00000000        0x0 c:/program files (x86)/atmel/atmel toolchain/arm gcc/native/4.8.1437/arm-gnu-toolchain/bin/../lib/gcc/arm-none-eabi/4.8.4/armv6-m/crtbegin.o

.jcr            0x00001f3c        0x0
 .jcr           0x00001f3c        0x0 c:/program files (x86)/atmel/atmel toolchain/arm gcc/native/4.8.1437/arm-gnu-toolchain/bin/../lib/gcc/arm-none-eabi/4.8.4/armv6-m/crtbegin.o

.igot.plt       0x00001f3c        0x0
 .igot.plt      0x00000000        0x0 c:/program files (x86)/atmel/atmel toolchain/arm gcc/native/4.8.1437/arm-gnu-toolchain/bin/../lib/gcc/arm-none-eabi/4.8.4/armv6-m/crtbegin.o

.ARM.exidx
 *(.ARM.exidx* .gnu.linkonce.armexidx.*)
                0x00001f3c                PROVIDE (__exidx_end, .)
                0x00001f3c                . = ALIGN (0x4)
                0x00001f3c                _etext = .

.relocate       0x20000000      0x430 load address 0x00001f3c
                0x20000000                . = ALIGN (0x4)
                0x20000000                _srelocate = .
 *(.ramfunc .ramfunc.*)
 *(.data .data.*)
 .data          0x20000000        0x1 src/ASF/common/utils/interrupt/interrupt_sam_nvic.o
                0x20000000                g_interrupt_enabled
 *fill*         0x20000001        0x7 
 .data.impure_data
                0x20000008      0x428 c:/program files (x86)/atmel/atmel toolchain/arm gcc/native/4.8.1437/arm-gnu-toolchain/bin/../lib/gcc/arm-none-eabi/4.8.4/../../../../arm-none-eabi/lib/armv6-m\libc.a(lib_a-impure.o)
                0x20000430                . = ALIGN (0x4)
                0x20000430                _erelocate = .

.bss            0x20000430      0x124 load address 0x0000236c
                0x20000430                . = ALIGN (0x4)
                0x20000430                _sbss = .
                0x20000430                _szero = .
 *(.bss .bss.*)
 .bss           0x20000430       0x1c c:/program files (x86)/atmel/atmel toolchain/arm gcc/native/4.8.1437/arm-gnu-toolchain/bin/../lib/gcc/arm-none-eabi/4.8.4/armv6-m/crtbegin.o
 .bss           0x2000044c        0x8 src/ASF/sam0/drivers/sercom/sercom.o
 .bss           0x20000454       0x18 src/ASF/sam0/drivers/sercom/sercom_interrupt.o
 .bss           0x2000046c        0x8 src/ASF/common/utils/interrupt/interrupt_sam_nvic.o
 .bss           0x20000474       0x20 src/ASF/sam0/drivers/system/clock/clock_samd10_d11/clock.o
 *(COMMON)
 COMMON         0x20000494        0xc src/ASF/sam0/drivers/sercom/sercom_interrupt.o
                0x20000494                _sercom_instances
 COMMON         0x200004a0       0x70 src/peripherals/SERCOM/bastian_sercom.o
                0x200004a0                spi_slave
                0x200004dc                irda_master
 COMMON         0x20000510        0x4 src/ASF/sam0/drivers/tcc/tcc_callback.o
                0x20000510                _tcc_instances
 COMMON         0x20000514       0x40 src/main.o
                0x20000514                tcc_instance
                0x20000554                . = ALIGN (0x4)
                0x20000554                _ebss = .
                0x20000554                _ezero = .

.stack          0x20000554      0x404 load address 0x00002490
                0x20000558                . = ALIGN (0x8)
 *fill*         0x20000554        0x4 
                0x20000558                _sstack = .
                0x20000958                . = (. + STACK_SIZE)
 *fill*         0x20000558      0x400 
                0x20000958                . = ALIGN (0x8)
                0x20000958                _estack = .
                0x20000958                . = ALIGN (0x4)
                0x20000958                _end = .
OUTPUT(LM_Slat_Prototype.elf elf32-littlearm)

.ARM.attributes
                0x00000000       0x28
 .ARM.attributes
                0x00000000       0x1e c:/program files (x86)/atmel/atmel toolchain/arm gcc/native/4.8.1437/arm-gnu-toolchain/bin/../lib/gcc/arm-none-eabi/4.8.4/armv6-m/crti.o
 .ARM.attributes
                0x0000001e       0x2c c:/program files (x86)/atmel/atmel toolchain/arm gcc/native/4.8.1437/arm-gnu-toolchain/bin/../lib/gcc/arm-none-eabi/4.8.4/armv6-m/crtbegin.o
 .ARM.attributes
                0x0000004a       0x32 src/ASF/sam0/drivers/sercom/sercom.o
 .ARM.attributes
                0x0000007c       0x32 src/ASF/sam0/drivers/sercom/sercom_interrupt.o
 .ARM.attributes
                0x000000ae       0x32 src/ASF/sam0/drivers/sercom/spi/spi.o
 .ARM.attributes
                0x000000e0       0x32 src/ASF/sam0/drivers/sercom/spi/spi_interrupt.o
 .ARM.attributes
                0x00000112       0x32 src/ASF/sam0/drivers/sercom/usart/usart.o
 .ARM.attributes
                0x00000144       0x32 src/ASF/sam0/drivers/sercom/usart/usart_interrupt.o
 .ARM.attributes
                0x00000176       0x32 src/peripherals/SERCOM/bastian_sercom.o
 .ARM.attributes
                0x000001a8       0x32 src/ASF/sam0/drivers/tcc/tcc.o
 .ARM.attributes
                0x000001da       0x32 src/ASF/sam0/drivers/tcc/tcc_callback.o
 .ARM.attributes
                0x0000020c       0x32 src/main.o
 .ARM.attributes
                0x0000023e       0x32 src/ASF/sam0/drivers/port/port.o
 .ARM.attributes
                0x00000270       0x32 src/ASF/sam0/utils/cmsis/samd10/source/gcc/startup_samd10.o
 .ARM.attributes
                0x000002a2       0x32 src/ASF/common/utils/interrupt/interrupt_sam_nvic.o
 .ARM.attributes
                0x000002d4       0x32 src/ASF/sam0/drivers/system/clock/clock_samd10_d11/clock.o
 .ARM.attributes
                0x00000306       0x32 src/ASF/sam0/drivers/system/clock/clock_samd10_d11/gclk.o
 .ARM.attributes
                0x00000338       0x32 src/ASF/sam0/drivers/system/pinmux/pinmux.o
 .ARM.attributes
                0x0000036a       0x32 src/ASF/sam0/drivers/system/system.o
 .ARM.attributes
                0x0000039c       0x1e c:/program files (x86)/atmel/atmel toolchain/arm gcc/native/4.8.1437/arm-gnu-toolchain/bin/../lib/gcc/arm-none-eabi/4.8.4/armv6-m\libgcc.a(_thumb1_case_uqi.o)
 .ARM.attributes
                0x000003ba       0x1e c:/program files (x86)/atmel/atmel toolchain/arm gcc/native/4.8.1437/arm-gnu-toolchain/bin/../lib/gcc/arm-none-eabi/4.8.4/armv6-m\libgcc.a(_udivsi3.o)
 .ARM.attributes
                0x000003d8       0x1e c:/program files (x86)/atmel/atmel toolchain/arm gcc/native/4.8.1437/arm-gnu-toolchain/bin/../lib/gcc/arm-none-eabi/4.8.4/armv6-m\libgcc.a(_dvmd_tls.o)
 .ARM.attributes
                0x000003f6       0x1e c:/program files (x86)/atmel/atmel toolchain/arm gcc/native/4.8.1437/arm-gnu-toolchain/bin/../lib/gcc/arm-none-eabi/4.8.4/armv6-m\libgcc.a(_ashldi3.o)
 .ARM.attributes
                0x00000414       0x2c c:/program files (x86)/atmel/atmel toolchain/arm gcc/native/4.8.1437/arm-gnu-toolchain/bin/../lib/gcc/arm-none-eabi/4.8.4/armv6-m\libgcc.a(_muldi3.o)
 .ARM.attributes
                0x00000440       0x2c c:/program files (x86)/atmel/atmel toolchain/arm gcc/native/4.8.1437/arm-gnu-toolchain/bin/../lib/gcc/arm-none-eabi/4.8.4/../../../../arm-none-eabi/lib/armv6-m\libc.a(lib_a-impure.o)
 .ARM.attributes
                0x0000046c       0x2c c:/program files (x86)/atmel/atmel toolchain/arm gcc/native/4.8.1437/arm-gnu-toolchain/bin/../lib/gcc/arm-none-eabi/4.8.4/../../../../arm-none-eabi/lib/armv6-m\libc.a(lib_a-init.o)
 .ARM.attributes
                0x00000498       0x2c c:/program files (x86)/atmel/atmel toolchain/arm gcc/native/4.8.1437/arm-gnu-toolchain/bin/../lib/gcc/arm-none-eabi/4.8.4/../../../../arm-none-eabi/lib/armv6-m\libc.a(lib_a-memcpy-stub.o)
 .ARM.attributes
                0x000004c4       0x2c c:/program files (x86)/atmel/atmel toolchain/arm gcc/native/4.8.1437/arm-gnu-toolchain/bin/../lib/gcc/arm-none-eabi/4.8.4/../../../../arm-none-eabi/lib/armv6-m\libc.a(lib_a-memset.o)
 .ARM.attributes
                0x000004f0       0x2c c:/program files (x86)/atmel/atmel toolchain/arm gcc/native/4.8.1437/arm-gnu-toolchain/bin/../lib/gcc/arm-none-eabi/4.8.4/../../../../arm-none-eabi/lib/armv6-m\libc.a(lib_a-__call_atexit.o)
 .ARM.attributes
                0x0000051c       0x2c c:/program files (x86)/atmel/atmel toolchain/arm gcc/native/4.8.1437/arm-gnu-toolchain/bin/../lib/gcc/arm-none-eabi/4.8.4/../../../../arm-none-eabi/lib/armv6-m\libc.a(lib_a-atexit.o)
 .ARM.attributes
                0x00000548       0x2c c:/program files (x86)/atmel/atmel toolchain/arm gcc/native/4.8.1437/arm-gnu-toolchain/bin/../lib/gcc/arm-none-eabi/4.8.4/../../../../arm-none-eabi/lib/armv6-m\libc.a(lib_a-fini.o)
 .ARM.attributes
                0x00000574       0x2c c:/program files (x86)/atmel/atmel toolchain/arm gcc/native/4.8.1437/arm-gnu-toolchain/bin/../lib/gcc/arm-none-eabi/4.8.4/../../../../arm-none-eabi/lib/armv6-m\libc.a(lib_a-__atexit.o)
 .ARM.attributes
                0x000005a0       0x1e c:/program files (x86)/atmel/atmel toolchain/arm gcc/native/4.8.1437/arm-gnu-toolchain/bin/../lib/gcc/arm-none-eabi/4.8.4/armv6-m/crtn.o

.comment        0x00000000       0x5b
 .comment       0x00000000       0x5b src/ASF/sam0/drivers/sercom/sercom.o
                                 0x5c (size before relaxing)
 .comment       0x00000000       0x5c src/ASF/sam0/drivers/sercom/sercom_interrupt.o
 .comment       0x00000000       0x5c src/ASF/sam0/drivers/sercom/spi/spi.o
 .comment       0x00000000       0x5c src/ASF/sam0/drivers/sercom/spi/spi_interrupt.o
 .comment       0x00000000       0x5c src/ASF/sam0/drivers/sercom/usart/usart.o
 .comment       0x00000000       0x5c src/ASF/sam0/drivers/sercom/usart/usart_interrupt.o
 .comment       0x00000000       0x5c src/peripherals/SERCOM/bastian_sercom.o
 .comment       0x00000000       0x5c src/ASF/sam0/drivers/tcc/tcc.o
 .comment       0x00000000       0x5c src/ASF/sam0/drivers/tcc/tcc_callback.o
 .comment       0x00000000       0x5c src/main.o
 .comment       0x00000000       0x5c src/ASF/sam0/drivers/port/port.o
 .comment       0x00000000       0x5c src/ASF/sam0/utils/cmsis/samd10/source/gcc/startup_samd10.o
 .comment       0x00000000       0x5c src/ASF/common/utils/interrupt/interrupt_sam_nvic.o
 .comment       0x00000000       0x5c src/ASF/sam0/drivers/system/clock/clock_samd10_d11/clock.o
 .comment       0x00000000       0x5c src/ASF/sam0/drivers/system/clock/clock_samd10_d11/gclk.o
 .comment       0x00000000       0x5c src/ASF/sam0/drivers/system/pinmux/pinmux.o
 .comment       0x00000000       0x5c src/ASF/sam0/drivers/system/system.o

.debug_frame    0x00000000      0x1bc
 .debug_frame   0x00000000       0x20 c:/program files (x86)/atmel/atmel toolchain/arm gcc/native/4.8.1437/arm-gnu-toolchain/bin/../lib/gcc/arm-none-eabi/4.8.4/armv6-m\libgcc.a(_udivsi3.o)
 .debug_frame   0x00000020       0x30 c:/program files (x86)/atmel/atmel toolchain/arm gcc/native/4.8.1437/arm-gnu-toolchain/bin/../lib/gcc/arm-none-eabi/4.8.4/armv6-m\libgcc.a(_muldi3.o)
 .debug_frame   0x00000050       0x2c c:/program files (x86)/atmel/atmel toolchain/arm gcc/native/4.8.1437/arm-gnu-toolchain/bin/../lib/gcc/arm-none-eabi/4.8.4/../../../../arm-none-eabi/lib/armv6-m\libc.a(lib_a-init.o)
 .debug_frame   0x0000007c       0x30 c:/program files (x86)/atmel/atmel toolchain/arm gcc/native/4.8.1437/arm-gnu-toolchain/bin/../lib/gcc/arm-none-eabi/4.8.4/../../../../arm-none-eabi/lib/armv6-m\libc.a(lib_a-memcpy-stub.o)
 .debug_frame   0x000000ac       0x30 c:/program files (x86)/atmel/atmel toolchain/arm gcc/native/4.8.1437/arm-gnu-toolchain/bin/../lib/gcc/arm-none-eabi/4.8.4/../../../../arm-none-eabi/lib/armv6-m\libc.a(lib_a-memset.o)
 .debug_frame   0x000000dc       0x54 c:/program files (x86)/atmel/atmel toolchain/arm gcc/native/4.8.1437/arm-gnu-toolchain/bin/../lib/gcc/arm-none-eabi/4.8.4/../../../../arm-none-eabi/lib/armv6-m\libc.a(lib_a-__call_atexit.o)
 .debug_frame   0x00000130       0x28 c:/program files (x86)/atmel/atmel toolchain/arm gcc/native/4.8.1437/arm-gnu-toolchain/bin/../lib/gcc/arm-none-eabi/4.8.4/../../../../arm-none-eabi/lib/armv6-m\libc.a(lib_a-atexit.o)
 .debug_frame   0x00000158       0x2c c:/program files (x86)/atmel/atmel toolchain/arm gcc/native/4.8.1437/arm-gnu-toolchain/bin/../lib/gcc/arm-none-eabi/4.8.4/../../../../arm-none-eabi/lib/armv6-m\libc.a(lib_a-fini.o)
 .debug_frame   0x00000184       0x38 c:/program files (x86)/atmel/atmel toolchain/arm gcc/native/4.8.1437/arm-gnu-toolchain/bin/../lib/gcc/arm-none-eabi/4.8.4/../../../../arm-none-eabi/lib/armv6-m\libc.a(lib_a-__atexit.o)
